stata_attempt.csv
"","STORE","UPC","WEEK","MOVE","QTY","PRICE","SALE","PROFIT","OK","PRICE_HEX","PROFIT_HEX","COM_CODE","DESCRIP","SIZE","CASE","NITEM","ID","week_in_year","log_move","log_price","trend"
"325",32,3828153081,1,26,1,1.07,NA,33.64,1,"3FF11EB851EB851F","4040D1EB851EB852",157,"DOM CREAM CHEESE","8 OZ",36,5351051,3828153081001,"1",3.25809653802148,0.0676586484738149,1
"326",32,3828153081,2,13,1,1.07,NA,33.64,1,"3FF11EB851EB851F","4040D1EB851EB852",157,"DOM CREAM CHEESE","8 OZ",36,5351051,3828153081002,"2",2.56494935746154,0.0676586484738149,2
"327",32,3828153081,3,33,1,1.07,NA,32.71,1,"3FF11EB851EB851F","40405AE147AE147B",157,"DOM CREAM CHEESE","8 OZ",36,5351051,3828153081003,"3",3.49650756146648,0.0676586484738149,3
"328",32,3828153081,4,220,1,0.79,NA,8.86,1,"3FE947AE147AE148","4021B851EB851EB8",157,"DOM CREAM CHEESE","8 OZ",36,5351051,3828153081004,"4",5.39362754635236,-0.23572233352107,4
"329",32,3828153081,5,92,1,1.07,NA,33.93,1,"3FF11EB851EB851F","4040F70A3D70A3D7",157,"DOM CREAM CHEESE","8 OZ",36,5351051,3828153081005,"5",4.52178857704904,0.0676586484738149,5
"330",32,3828153081,6,7,1,1.07,NA,33.93,1,"3FF11EB851EB851F","4040F70A3D70A3D7",157,"DOM CREAM CHEESE","8 OZ",36,5351051,3828153081006,"6",1.94591014905531,0.0676586484738149,6
"331",32,3828153081,7,202,1,0.79,NA,10.63,1,"3FE947AE147AE148","4025428F5C28F5C3",157,"DOM CREAM CHEESE","8 OZ",36,5351051,3828153081007,"7",5.30826769740121,-0.23572233352107,7
"332",32,3828153081,8,487,1,0.79,"B",10.76,1,"3FE947AE147AE148","4025851EB851EB85",157,"DOM CREAM CHEESE","8 OZ",36,5351051,3828153081008,"8",6.18826412308259,-0.23572233352107,8
"333",32,3828153081,9,167,1,0.79,"B",10.76,1,"3FE947AE147AE148","4025851EB851EB85",157,"DOM CREAM CHEESE","8 OZ",36,5351051,3828153081009,"9",5.11799381241676,-0.23572233352107,9
"334",32,3828153081,10,166,1,1.07,NA,34.11,1,"3FF11EB851EB851F","40410E147AE147AE",157,"DOM CREAM CHEESE","8 OZ",36,5351051,3828153081010,"10",5.11198778835654,0.0676586484738149,10
"335",32,3828153081,11,192,1,1.07,NA,34.11,1,"3FF11EB851EB851F","40410E147AE147AE",157,"DOM CREAM CHEESE","8 OZ",36,5351051,3828153081011,"11",5.25749537202778,0.0676586484738149,11
"336",32,3828153081,12,418,1,0.89,"B",20.79,1,"3FEC7AE147AE147B","4034CA3D70A3D70A",157,"DOM CREAM CHEESE","8 OZ",36,5351051,3828153081012,"12",6.03548143252476,-0.116533816255952,12
"337",32,3828153081,13,369,1,0.89,"B",20.79,1,"3FEC7AE147AE147B","4034CA3D70A3D70A",157,"DOM CREAM CHEESE","8 OZ",36,5351051,3828153081013,"13",5.91079664404053,-0.116533816255952,13
"338",32,3828153081,14,82,1,1.07,NA,34.11,1,"3FF11EB851EB851F","40410E147AE147AE",157,"DOM CREAM CHEESE","8 OZ",36,5351051,3828153081014,"14",4.40671924726425,0.0676586484738149,14
"339",32,3828153081,15,82,1,1.09,NA,35.32,1,"3FF170A3D70A3D71","4041A8F5C28F5C29",157,"DOM CREAM CHEESE","8 OZ",36,5351051,3828153081015,"15",4.40671924726425,0.0861776962410524,15
"340",32,3828153081,16,65,1,0.99,NA,28.79,1,"3FEFAE147AE147AE","403CCA3D70A3D70A",157,"DOM CREAM CHEESE","8 OZ",36,5351051,3828153081016,"16",4.17438726989564,-0.0100503358535015,16
"341",32,3828153081,17,82,1,0.99,"B",28.79,1,"3FEFAE147AE147AE","403CCA3D70A3D70A",157,"DOM CREAM CHEESE","8 OZ",36,5351051,3828153081017,"17",4.40671924726425,-0.0100503358535015,17
"342",32,3828153081,18,137,1,0.99,NA,28.79,1,"3FEFAE147AE147AE","403CCA3D70A3D70A",157,"DOM CREAM CHEESE","8 OZ",36,5351051,3828153081018,"18",4.91998092582813,-0.0100503358535015,18
"343",32,3828153081,19,125,1,1.09,NA,36.79,1,"3FF170A3D70A3D71","4042651EB851EB85",157,"DOM CREAM CHEESE","8 OZ",36,5351051,3828153081019,"19",4.8283137373023,0.0861776962410524,19
"344",32,3828153081,20,92,1,1.09,NA,36.79,1,"3FF170A3D70A3D71","4042651EB851EB85",157,"DOM CREAM CHEESE","8 OZ",36,5351051,3828153081020,"20",4.52178857704904,0.0861776962410524,20
"345",32,3828153081,21,79,1,1.09,NA,36.79,1,"3FF170A3D70A3D71","4042651EB851EB85",157,"DOM CREAM CHEESE","8 OZ",36,5351051,3828153081021,"21",4.36944785246702,0.0861776962410524,21
"346",32,3828153081,22,132,1,1.09,NA,33.49,1,"3FF170A3D70A3D71","4040BEB851EB851F",157,"DOM CREAM CHEESE","8 OZ",36,5351051,3828153081022,"22",4.88280192258637,0.0861776962410524,22
"347",32,3828153081,23,149,1,1.09,NA,33.49,1,"3FF170A3D70A3D71","4040BEB851EB851F",157,"DOM CREAM CHEESE","8 OZ",36,5351051,3828153081023,"23",5.00394630594546,0.0861776962410524,23
"348",32,3828153081,24,93,1,1.09,NA,33.49,1,"3FF170A3D70A3D71","4040BEB851EB851F",157,"DOM CREAM CHEESE","8 OZ",36,5351051,3828153081024,"24",4.53259949315326,0.0861776962410524,24
"349",32,3828153081,25,164,1,1.09,NA,35.87,1,"3FF170A3D70A3D71","4041EF5C28F5C28F",157,"DOM CREAM CHEESE","8 OZ",36,5351051,3828153081025,"25",5.0998664278242,0.0861776962410524,25
"350",32,3828153081,26,199,1,0.89,"B",21.91,1,"3FEC7AE147AE147B","4035E8F5C28F5C29",157,"DOM CREAM CHEESE","8 OZ",36,5351051,3828153081026,"26",5.29330482472449,-0.116533816255952,26
"351",32,3828153081,27,322,1,0.89,"B",21.91,1,"3FEC7AE147AE147B","4035E8F5C28F5C29",157,"DOM CREAM CHEESE","8 OZ",36,5351051,3828153081027,"27",5.77455154554441,-0.116533816255952,27
"352",32,3828153081,28,17,1,1.09,NA,33.49,1,"3FF170A3D70A3D71","4040BEB851EB851F",157,"DOM CREAM CHEESE","8 OZ",36,5351051,3828153081028,"28",2.83321334405622,0.0861776962410524,28
"353",32,3828153081,29,132,1,1.09,NA,33.49,1,"3FF170A3D70A3D71","4040BEB851EB851F",157,"DOM CREAM CHEESE","8 OZ",36,5351051,3828153081029,"29",4.88280192258637,0.0861776962410524,29
"354",32,3828153081,30,145,1,1.09,NA,33.49,1,"3FF170A3D70A3D71","4040BEB851EB851F",157,"DOM CREAM CHEESE","8 OZ",36,5351051,3828153081030,"30",4.97673374242057,0.0861776962410524,30
"355",32,3828153081,31,166,1,1.09,NA,35.69,1,"3FF170A3D70A3D71","4041D851EB851EB8",157,"DOM CREAM CHEESE","8 OZ",36,5351051,3828153081031,"31",5.11198778835654,0.0861776962410524,31
"356",32,3828153081,32,340,1,0.79,"B",15.82,1,"3FE947AE147AE148","402FA3D70A3D70A4",157,"DOM CREAM CHEESE","8 OZ",36,5351051,3828153081032,"32",5.82894561761021,-0.23572233352107,32
"357",32,3828153081,33,160,1,0.79,"B",15.82,1,"3FE947AE147AE148","402FA3D70A3D70A4",157,"DOM CREAM CHEESE","8 OZ",36,5351051,3828153081033,"33",5.07517381523383,-0.23572233352107,33
"358",32,3828153081,34,89,1,0.79,"B",15.82,1,"3FE947AE147AE148","402FA3D70A3D70A4",157,"DOM CREAM CHEESE","8 OZ",36,5351051,3828153081034,"34",4.48863636973214,-0.23572233352107,34
"359",32,3828153081,35,70,1,1.09,NA,38.99,1,"3FF170A3D70A3D71","40437EB851EB851F",157,"DOM CREAM CHEESE","8 OZ",36,5351051,3828153081035,"35",4.24849524204936,0.0861776962410524,35
"360",32,3828153081,36,138,1,1.09,NA,38.99,1,"3FF170A3D70A3D71","40437EB851EB851F",157,"DOM CREAM CHEESE","8 OZ",36,5351051,3828153081036,"36",4.92725368515721,0.0861776962410524,36
"361",32,3828153081,37,127,1,1.09,NA,38.53,1,"3FF170A3D70A3D71","404343D70A3D70A4",157,"DOM CREAM CHEESE","8 OZ",36,5351051,3828153081037,"37",4.84418708645859,0.0861776962410524,37
"362",32,3828153081,38,121,1,1.09,NA,38.53,1,"3FF170A3D70A3D71","404343D70A3D70A4",157,"DOM CREAM CHEESE","8 OZ",36,5351051,3828153081038,"38",4.79579054559674,0.0861776962410524,38
"363",32,3828153081,39,113,1,1.09,NA,38.53,1,"3FF170A3D70A3D71","404343D70A3D70A4",157,"DOM CREAM CHEESE","8 OZ",36,5351051,3828153081039,"39",4.72738781871234,0.0861776962410524,39
"364",32,3828153081,40,129,1,1.09,NA,36.88,1,"3FF170A3D70A3D71","404270A3D70A3D71",157,"DOM CREAM CHEESE","8 OZ",36,5351051,3828153081040,"40",4.85981240436167,0.0861776962410524,40
"365",32,3828153081,41,158,1,1.06,NA,34.81,1,"3FF0F5C28F5C28F6","404167AE147AE148",157,"DOM CREAM CHEESE","8 OZ",36,5351051,3828153081041,"41",5.06259503302697,0.0582689081239758,41
"366",32,3828153081,42,183,1,1.06,"B",34.53,1,"3FF0F5C28F5C28F6","404143D70A3D70A4",157,"DOM CREAM CHEESE","8 OZ",36,5351051,3828153081042,"42",5.20948615284142,0.0582689081239758,42
"367",32,3828153081,43,98,1,1.06,"B",34.53,1,"3FF0F5C28F5C28F6","404143D70A3D70A4",157,"DOM CREAM CHEESE","8 OZ",36,5351051,3828153081043,"43",4.58496747867057,0.0582689081239758,43
"368",32,3828153081,44,48,1,1.09,NA,35.78,1,"3FF170A3D70A3D71","4041E3D70A3D70A4",157,"DOM CREAM CHEESE","8 OZ",36,5351051,3828153081044,"44",3.87120101090789,0.0861776962410524,44
"369",32,3828153081,45,21,1,1.09,NA,34.68,1,"3FF170A3D70A3D71","4041570A3D70A3D7",157,"DOM CREAM CHEESE","8 OZ",36,5351051,3828153081045,"45",3.04452243772342,0.0861776962410524,45
"370",32,3828153081,46,67,1,1.09,NA,34.68,1,"3FF170A3D70A3D71","4041570A3D70A3D7",157,"DOM CREAM CHEESE","8 OZ",36,5351051,3828153081046,"46",4.20469261939097,0.0861776962410524,46
"371",32,3828153081,47,110,1,1.09,NA,34.68,1,"3FF170A3D70A3D71","4041570A3D70A3D7",157,"DOM CREAM CHEESE","8 OZ",36,5351051,3828153081047,"47",4.70048036579242,0.0861776962410524,47
"372",32,3828153081,48,99,1,1.09,NA,34.68,1,"3FF170A3D70A3D71","4041570A3D70A3D7",157,"DOM CREAM CHEESE","8 OZ",36,5351051,3828153081048,"48",4.59511985013459,0.0861776962410524,48
"373",32,3828153081,49,127,1,1.09,NA,38.99,1,"3FF170A3D70A3D71","40437EB851EB851F",157,"DOM CREAM CHEESE","8 OZ",36,5351051,3828153081049,"49",4.84418708645859,0.0861776962410524,49
"374",32,3828153081,50,139,1,1.09,NA,38.99,1,"3FF170A3D70A3D71","40437EB851EB851F",157,"DOM CREAM CHEESE","8 OZ",36,5351051,3828153081050,"50",4.93447393313069,0.0861776962410524,50
"375",32,3828153081,51,79,1,1.09,NA,38.99,1,"3FF170A3D70A3D71","40437EB851EB851F",157,"DOM CREAM CHEESE","8 OZ",36,5351051,3828153081051,"51",4.36944785246702,0.0861776962410524,51
"376",32,3828153081,52,329,1,0.79,"B",15.82,1,"3FE947AE147AE148","402FA3D70A3D70A4",157,"DOM CREAM CHEESE","8 OZ",36,5351051,3828153081052,"52",5.79605775076537,-0.23572233352107,52
"377",32,3828153081,53,455,1,0.79,NA,15.82,1,"3FE947AE147AE148","402FA3D70A3D70A4",157,"DOM CREAM CHEESE","8 OZ",36,5351051,3828153081053,"1",6.12029741895095,-0.23572233352107,53
"378",32,3828153081,54,143,1,0.79,"B",15.82,1,"3FE947AE147AE148","402FA3D70A3D70A4",157,"DOM CREAM CHEESE","8 OZ",36,5351051,3828153081054,"2",4.96284463025991,-0.23572233352107,54
"379",32,3828153081,55,178,1,1.09,NA,38.99,1,"3FF170A3D70A3D71","40437EB851EB851F",157,"DOM CREAM CHEESE","8 OZ",36,5351051,3828153081055,"3",5.18178355029209,0.0861776962410524,55
"380",32,3828153081,56,485,1,0.89,NA,25.28,1,"3FEC7AE147AE147B","403947AE147AE148",157,"DOM CREAM CHEESE","8 OZ",36,5351051,3828153081056,"4",6.18414889093748,-0.116533816255952,56
"381",32,3828153081,57,177,1,0.89,"B",25.28,1,"3FEC7AE147AE147B","403947AE147AE148",157,"DOM CREAM CHEESE","8 OZ",36,5351051,3828153081057,"5",5.17614973257383,-0.116533816255952,57
"382",32,3828153081,58,842,1,0.79,NA,19.11,1,"3FE947AE147AE148","40331C28F5C28F5C",157,"DOM CREAM CHEESE","8 OZ",36,5351051,3828153081058,"6",6.73578001424233,-0.23572233352107,58
"383",32,3828153081,59,265,1,0.79,"B",21.77,1,"3FE947AE147AE148","4035C51EB851EB85",157,"DOM CREAM CHEESE","8 OZ",36,5351051,3828153081059,"7",5.57972982598622,-0.23572233352107,59
"384",32,3828153081,60,155,1,0.79,"B",20.25,1,"3FE947AE147AE148","4034400000000000",157,"DOM CREAM CHEESE","8 OZ",36,5351051,3828153081060,"8",5.04342511691925,-0.23572233352107,60
"385",32,3828153081,61,176,1,0.99,"B",36.36,1,"3FEFAE147AE147AE","40422E147AE147AE",157,"DOM CREAM CHEESE","8 OZ",36,5351051,3828153081061,"9",5.17048399503815,-0.0100503358535015,61
"386",32,3828153081,62,44,1,0.99,"B",36.36,1,"3FEFAE147AE147AE","40422E147AE147AE",157,"DOM CREAM CHEESE","8 OZ",36,5351051,3828153081062,"10",3.78418963391826,-0.0100503358535015,62
"387",32,3828153081,63,214,1,0.99,NA,36.36,1,"3FEFAE147AE147AE","40422E147AE147AE",157,"DOM CREAM CHEESE","8 OZ",36,5351051,3828153081063,"11",5.36597601502185,-0.0100503358535015,63
"388",32,3828153081,64,148,1,0.99,"B",36.36,1,"3FEFAE147AE147AE","40422E147AE147AE",157,"DOM CREAM CHEESE","8 OZ",36,5351051,3828153081064,"12",4.99721227376411,-0.0100503358535015,64
"389",32,3828153081,65,86,1,1.09,NA,44.95,1,"3FF170A3D70A3D71","404679999999999A",157,"DOM CREAM CHEESE","8 OZ",36,5351051,3828153081065,"13",4.45434729625351,0.0861776962410524,65
"390",32,3828153081,66,88,1,1.19,NA,42.1,1,"3FF30A3D70A3D70A","40450CCCCCCCCCCD",157,"DOM CREAM CHEESE","8 OZ",36,5351051,3828153081066,"14",4.47733681447821,0.173953307123438,66
"391",32,3828153081,67,75,1,1.19,NA,41.93,1,"3FF30A3D70A3D70A","4044F70A3D70A3D7",157,"DOM CREAM CHEESE","8 OZ",36,5351051,3828153081067,"15",4.31748811353631,0.173953307123438,67
"392",32,3828153081,68,297,1,0.69,NA,21.01,1,"3FE6147AE147AE14","4035028F5C28F5C3",157,"DOM CREAM CHEESE","8 OZ",36,5351051,3828153081068,"16",5.6937321388027,-0.371063681390832,68
"393",32,3828153081,69,224,1,0.69,"B",21.01,1,"3FE6147AE147AE14","4035028F5C28F5C3",157,"DOM CREAM CHEESE","8 OZ",36,5351051,3828153081069,"17",5.41164605185504,-0.371063681390832,69
"394",32,3828153081,70,121,1,1.19,NA,48.91,1,"3FF30A3D70A3D70A","4048747AE147AE14",157,"DOM CREAM CHEESE","8 OZ",36,5351051,3828153081070,"18",4.79579054559674,0.173953307123438,70
"395",32,3828153081,71,84,1,0.89,"B",26.85,1,"3FEC7AE147AE147B","403AD9999999999A",157,"DOM CREAM CHEESE","8 OZ",36,5351051,3828153081071,"19",4.43081679884331,-0.116533816255952,71
"396",32,3828153081,72,76,1,0.89,"B",26.07,1,"3FEC7AE147AE147B","403A11EB851EB852",157,"DOM CREAM CHEESE","8 OZ",36,5351051,3828153081072,"20",4.33073334028633,-0.116533816255952,72
"397",32,3828153081,73,51,1,1.19,NA,43.95,1,"3FF30A3D70A3D70A","4045F9999999999A",157,"DOM CREAM CHEESE","8 OZ",36,5351051,3828153081073,"21",3.93182563272433,0.173953307123438,73
"398",32,3828153081,74,90,1,1.19,NA,43.95,1,"3FF30A3D70A3D70A","4045F9999999999A",157,"DOM CREAM CHEESE","8 OZ",36,5351051,3828153081074,"22",4.49980967033027,0.173953307123438,74
"399",32,3828153081,75,97,1,1.19,NA,43.95,1,"3FF30A3D70A3D70A","4045F9999999999A",157,"DOM CREAM CHEESE","8 OZ",36,5351051,3828153081075,"23",4.57471097850338,0.173953307123438,75
"400",32,3828153081,76,252,1,0.99,NA,31.62,1,"3FEFAE147AE147AE","403F9EB851EB851F",157,"DOM CREAM CHEESE","8 OZ",36,5351051,3828153081076,"24",5.52942908751142,-0.0100503358535015,76
"401",32,3828153081,77,174,1,0.99,"B",31.62,1,"3FEFAE147AE147AE","403F9EB851EB851F",157,"DOM CREAM CHEESE","8 OZ",36,5351051,3828153081077,"25",5.15905529921453,-0.0100503358535015,77
"402",32,3828153081,78,166,1,0.99,"B",31.01,1,"3FEFAE147AE147AE","403F028F5C28F5C3",157,"DOM CREAM CHEESE","8 OZ",36,5351051,3828153081078,"26",5.11198778835654,-0.0100503358535015,78
"403",32,3828153081,79,86,1,1.19,NA,42.35,1,"3FF30A3D70A3D70A","40452CCCCCCCCCCD",157,"DOM CREAM CHEESE","8 OZ",36,5351051,3828153081079,"27",4.45434729625351,0.173953307123438,79
"404",32,3828153081,80,26,1,1.19,NA,43.03,1,"3FF30A3D70A3D70A","404583D70A3D70A4",157,"DOM CREAM CHEESE","8 OZ",36,5351051,3828153081080,"28",3.25809653802148,0.173953307123438,80
"405",32,3828153081,81,65,1,1.19,NA,43.7,1,"3FF30A3D70A3D70A","4045D9999999999A",157,"DOM CREAM CHEESE","8 OZ",36,5351051,3828153081081,"29",4.17438726989564,0.173953307123438,81
"406",32,3828153081,82,157,1,0.89,NA,25.28,1,"3FEC7AE147AE147B","403947AE147AE148",157,"DOM CREAM CHEESE","8 OZ",36,5351051,3828153081082,"30",5.05624580534831,-0.116533816255952,82
"407",32,3828153081,83,128,1,0.89,"B",25.28,1,"3FEC7AE147AE147B","403947AE147AE148",157,"DOM CREAM CHEESE","8 OZ",36,5351051,3828153081083,"31",4.85203026391962,-0.116533816255952,83
"408",32,3828153081,84,368,1,0.99,NA,39.7,1,"3FEFAE147AE147AE","4043D9999999999A",157,"DOM CREAM CHEESE","8 OZ",36,5351051,3828153081084,"32",5.90808293816893,-0.0100503358535015,84
"409",32,3828153081,85,53,1,0.99,"B",39.7,1,"3FEFAE147AE147AE","4043D9999999999A",157,"DOM CREAM CHEESE","8 OZ",36,5351051,3828153081085,"33",3.97029191355212,-0.0100503358535015,85
"410",32,3828153081,86,29,1,1.19,NA,52.18,1,"3FF30A3D70A3D70A","404A170A3D70A3D7",157,"DOM CREAM CHEESE","8 OZ",36,5351051,3828153081086,"34",3.36729582998647,0.173953307123438,86
"411",32,3828153081,87,77,1,1.19,NA,52.18,1,"3FF30A3D70A3D70A","404A170A3D70A3D7",157,"DOM CREAM CHEESE","8 OZ",36,5351051,3828153081087,"35",4.34380542185368,0.173953307123438,87
"412",32,3828153081,88,64,1,1.19,NA,52.18,1,"3FF30A3D70A3D70A","404A170A3D70A3D7",157,"DOM CREAM CHEESE","8 OZ",36,5351051,3828153081088,"36",4.15888308335967,0.173953307123438,88
"413",32,3828153081,89,92,1,1.19,NA,52.18,1,"3FF30A3D70A3D70A","404A170A3D70A3D7",157,"DOM CREAM CHEESE","8 OZ",36,5351051,3828153081089,"37",4.52178857704904,0.173953307123438,89
"414",32,3828153081,90,65,1,1.19,NA,52.18,1,"3FF30A3D70A3D70A","404A170A3D70A3D7",157,"DOM CREAM CHEESE","8 OZ",36,5351051,3828153081090,"38",4.17438726989564,0.173953307123438,90
"415",32,3828153081,91,111,1,1.19,NA,52.18,1,"3FF30A3D70A3D70A","404A170A3D70A3D7",157,"DOM CREAM CHEESE","8 OZ",36,5351051,3828153081091,"39",4.70953020131233,0.173953307123438,91
"416",32,3828153081,92,92,1,1.19,NA,52.18,1,"3FF30A3D70A3D70A","404A170A3D70A3D7",157,"DOM CREAM CHEESE","8 OZ",36,5351051,3828153081092,"40",4.52178857704904,0.173953307123438,92
"417",32,3828153081,93,97,1,1.19,NA,49.92,1,"3FF30A3D70A3D70A","4048F5C28F5C28F6",157,"DOM CREAM CHEESE","8 OZ",36,5351051,3828153081093,"41",4.57471097850338,0.173953307123438,93
"418",32,3828153081,94,119,1,1.19,NA,45.21,1,"3FF30A3D70A3D70A","40469AE147AE147B",157,"DOM CREAM CHEESE","8 OZ",36,5351051,3828153081094,"42",4.77912349311153,0.173953307123438,94
"419",32,3828153081,95,105,1,1.19,NA,43.45,1,"3FF30A3D70A3D70A","4045B9999999999A",157,"DOM CREAM CHEESE","8 OZ",36,5351051,3828153081095,"43",4.65396035015752,0.173953307123438,95
"420",32,3828153081,96,41,1,1.19,NA,42.27,1,"3FF30A3D70A3D70A","4045228F5C28F5C3",157,"DOM CREAM CHEESE","8 OZ",36,5351051,3828153081096,"44",3.71357206670431,0.173953307123438,96
"421",32,3828153081,97,32,1,0.99,"B",30.2,1,"3FEFAE147AE147AE","403E333333333333",157,"DOM CREAM CHEESE","8 OZ",36,5351051,3828153081097,"45",3.46573590279973,-0.0100503358535015,97
"422",32,3828153081,98,91,1,0.99,NA,30.1,1,"3FEFAE147AE147AE","403E19999999999A",157,"DOM CREAM CHEESE","8 OZ",36,5351051,3828153081098,"46",4.51085950651685,-0.0100503358535015,98
