stata_attempt.csv
"","STORE","UPC","WEEK","MOVE","QTY","PRICE","SALE","PROFIT","OK","PRICE_HEX","PROFIT_HEX","COM_CODE","DESCRIP","SIZE","CASE","NITEM","ID","week_in_year","log_move","log_price","trend"
"615",32,3828153081,291,216,1,0.8,"B",23.26,1,"3FE999999999999A","4037428F5C28F5C3",157,"DOM CREAM CHEESE","8 OZ",36,5351051,3828153081291,"31",5.37527840768417,-0.22314355131421,291
"616",32,3828153081,292,210,1,0.79,"B",22.12,1,"3FE947AE147AE148","40361EB851EB851F",157,"DOM CREAM CHEESE","8 OZ",36,5351051,3828153081292,"32",5.34710753071747,-0.23572233352107,292
"617",32,3828153081,293,124,1,0.79,"B",24.07,1,"3FE947AE147AE148","403811EB851EB852",157,"DOM CREAM CHEESE","8 OZ",36,5351051,3828153081293,"33",4.82028156560504,-0.23572233352107,293
"618",32,3828153081,294,184,1,0.79,"B",25.86,1,"3FE947AE147AE148","4039DC28F5C28F5C",157,"DOM CREAM CHEESE","8 OZ",36,5351051,3828153081294,"34",5.21493575760899,-0.23572233352107,294
"619",32,3828153081,295,148,1,0.79,"B",26.1,1,"3FE947AE147AE148","403A19999999999A",157,"DOM CREAM CHEESE","8 OZ",36,5351051,3828153081295,"35",4.99721227376411,-0.23572233352107,295
"620",32,3828153081,296,238,1,0.79,"S",26.2,1,"3FE947AE147AE148","403A333333333333",157,"DOM CREAM CHEESE","8 OZ",36,5351051,3828153081296,"36",5.47227067367148,-0.23572233352107,296
"621",32,3828153081,297,193,1,0.65,"B",19.56,1,"3FE4CCCCCCCCCCCD","40338F5C28F5C28F",157,"DOM CREAM CHEESE","8 OZ",36,5351051,3828153081297,"37",5.26269018890489,-0.430782916092454,297
"622",32,3828153081,298,205,1,0.59,"B",12.71,1,"3FE2E147AE147AE1","40296B851EB851EC",157,"DOM CREAM CHEESE","8 OZ",36,5351051,3828153081298,"38",5.32300997913841,-0.527632742082372,298
"623",32,3828153081,299,137,1,0.59,"B",12.88,1,"3FE2E147AE147AE1","4029C28F5C28F5C3",157,"DOM CREAM CHEESE","8 OZ",36,5351051,3828153081299,"39",4.91998092582813,-0.527632742082372,299
"624",32,3828153081,300,132,1,0.99,NA,40.15,1,"3FEFAE147AE147AE","4044133333333333",157,"DOM CREAM CHEESE","8 OZ",36,5351051,3828153081300,"40",4.88280192258637,-0.0100503358535015,300
"625",32,3828153081,301,106,1,0.99,NA,38.38,1,"3FEFAE147AE147AE","404330A3D70A3D71",157,"DOM CREAM CHEESE","8 OZ",36,5351051,3828153081301,"41",4.66343909411207,-0.0100503358535015,301
"626",32,3828153081,302,146,1,0.99,NA,38.08,1,"3FEFAE147AE147AE","40430A3D70A3D70A",157,"DOM CREAM CHEESE","8 OZ",36,5351051,3828153081302,"42",4.98360662170834,-0.0100503358535015,302
"627",32,3828153081,303,141,1,0.99,NA,38.08,1,"3FEFAE147AE147AE","40430A3D70A3D70A",157,"DOM CREAM CHEESE","8 OZ",36,5351051,3828153081303,"43",4.94875989037817,-0.0100503358535015,303
"628",32,3828153081,304,184,1,0.99,NA,38.32,1,"3FEFAE147AE147AE","404328F5C28F5C29",157,"DOM CREAM CHEESE","8 OZ",36,5351051,3828153081304,"44",5.21493575760899,-0.0100503358535015,304
"629",32,3828153081,305,270,1,0.85,"B",29.24,1,"3FEB333333333333","403D3D70A3D70A3D",157,"DOM CREAM CHEESE","8 OZ",36,5351051,3828153081305,"45",5.59842195899838,-0.162518929497775,305
"630",32,3828153081,306,212,1,0.91,"B",34.68,1,"3FED1EB851EB851F","4041570A3D70A3D7",157,"DOM CREAM CHEESE","8 OZ",36,5351051,3828153081306,"46",5.35658627467201,-0.0943106794712413,306
"631",32,3828153081,307,128,1,0.99,NA,39.39,1,"3FEFAE147AE147AE","4043B1EB851EB852",157,"DOM CREAM CHEESE","8 OZ",36,5351051,3828153081307,"47",4.85203026391962,-0.0100503358535015,307
"632",32,3828153081,308,201,1,0.99,NA,39.39,1,"3FEFAE147AE147AE","4043B1EB851EB852",157,"DOM CREAM CHEESE","8 OZ",36,5351051,3828153081308,"48",5.30330490805908,-0.0100503358535015,308
"633",32,3828153081,309,564,1,0.79,"S",24.82,1,"3FE947AE147AE148","4038D1EB851EB852",157,"DOM CREAM CHEESE","8 OZ",36,5351051,3828153081309,"49",6.33505425149806,-0.23572233352107,309
"634",32,3828153081,310,235,1,0.97,NA,40.44,1,"3FEF0A3D70A3D70A","40443851EB851EB8",157,"DOM CREAM CHEESE","8 OZ",36,5351051,3828153081310,"50",5.45958551414416,-0.0304592074847086,310
"635",32,3828153081,311,176,1,0.99,NA,41.41,1,"3FEFAE147AE147AE","4044B47AE147AE14",157,"DOM CREAM CHEESE","8 OZ",36,5351051,3828153081311,"51",5.17048399503815,-0.0100503358535015,311
"636",32,3828153081,312,106,1,0.99,NA,41.41,1,"3FEFAE147AE147AE","4044B47AE147AE14",157,"DOM CREAM CHEESE","8 OZ",36,5351051,3828153081312,"52",4.66343909411207,-0.0100503358535015,312
"637",32,3828153081,313,59,1,0.99,NA,41.41,1,"3FEFAE147AE147AE","4044B47AE147AE14",157,"DOM CREAM CHEESE","8 OZ",36,5351051,3828153081313,"1",4.07753744390572,-0.0100503358535015,313
"638",32,3828153081,314,111,1,0.99,NA,41.41,1,"3FEFAE147AE147AE","4044B47AE147AE14",157,"DOM CREAM CHEESE","8 OZ",36,5351051,3828153081314,"2",4.70953020131233,-0.0100503358535015,314
"639",32,3828153081,315,61,1,0.99,NA,41.41,1,"3FEFAE147AE147AE","4044B47AE147AE14",157,"DOM CREAM CHEESE","8 OZ",36,5351051,3828153081315,"3",4.11087386417331,-0.0100503358535015,315
"640",32,3828153081,316,186,1,0.79,"S",26.58,1,"3FE947AE147AE148","403A947AE147AE14",157,"DOM CREAM CHEESE","8 OZ",36,5351051,3828153081316,"4",5.2257466737132,-0.23572233352107,316
"641",32,3828153081,317,123,1,0.99,NA,41.41,1,"3FEFAE147AE147AE","4044B47AE147AE14",157,"DOM CREAM CHEESE","8 OZ",36,5351051,3828153081317,"5",4.81218435537242,-0.0100503358535015,317
"642",32,3828153081,318,133,1,0.99,NA,41.41,1,"3FEFAE147AE147AE","4044B47AE147AE14",157,"DOM CREAM CHEESE","8 OZ",36,5351051,3828153081318,"6",4.89034912822175,-0.0100503358535015,318
"643",32,3828153081,319,142,1,0.95,"B",38.01,1,"3FEE666666666666","40430147AE147AE1",157,"DOM CREAM CHEESE","8 OZ",36,5351051,3828153081319,"7",4.95582705760126,-0.0512932943875506,319
"644",32,3828153081,320,211,1,0.79,"B",18.98,1,"3FE947AE147AE148","4032FAE147AE147B",157,"DOM CREAM CHEESE","8 OZ",36,5351051,3828153081320,"8",5.35185813347607,-0.23572233352107,320
"645",32,3828153081,321,175,1,0.82,"B",22.24,1,"3FEA3D70A3D70A3D","40363D70A3D70A3D",157,"DOM CREAM CHEESE","8 OZ",36,5351051,3828153081321,"9",5.16478597392351,-0.198450938723838,321
"646",32,3828153081,322,414,1,0.79,"S",19.47,1,"3FE947AE147AE148","40337851EB851EB8",157,"DOM CREAM CHEESE","8 OZ",36,5351051,3828153081322,"10",6.02586597382531,-0.23572233352107,322
"647",32,3828153081,323,118,1,0.98,NA,35.62,1,"3FEF5C28F5C28F5C","4041CF5C28F5C28F",157,"DOM CREAM CHEESE","8 OZ",36,5351051,3828153081323,"11",4.77068462446567,-0.0202027073175195,323
"648",32,3828153081,324,118,1,0.93,"B",35.29,1,"3FEDC28F5C28F5C3","4041A51EB851EB85",157,"DOM CREAM CHEESE","8 OZ",36,5351051,3828153081324,"12",4.77068462446567,-0.0725706928348354,324
